
*** crates/core/src/topk.rs:34:9: replace <impl Ord for Candidate>::cmp -> Ordering with Default::default()

*** mutation diff:
--- crates/core/src/topk.rs
+++ replace <impl Ord for Candidate>::cmp -> Ordering with Default::default()
@@ -26,28 +26,17 @@
     score: f32,
 }
 
 impl Eq for Candidate {}
 
 impl Ord for Candidate {
     fn cmp(&self, other: &Self) -> Ordering {
         // Reversed on score so the heap root is the lowest scoring candidate.
-        other
-            .score
-            .partial_cmp(&self.score)
-            .unwrap_or_else(|| match (self.score.is_nan(), other.score.is_nan()) {
-                (true, false) => Ordering::Less,
-                (false, true) => Ordering::Greater,
-                _ => Ordering::Equal,
-            })
-            // On a tie the *larger* document id sorts first, so it is the one
-            // evicted: ties resolve towards the lower id, matching the order a
-            // full sort produces.
-            .then(self.doc.cmp(&other.doc))
+        Default::default() /* ~ changed by cargo-mutants ~ */
     }
 }
 
 impl PartialOrd for Candidate {
     fn partial_cmp(&self, other: &Self) -> Option<Ordering> {
         Some(self.cmp(other))
     }
 }


*** /Users/diegogo/.rustup/toolchains/stable-aarch64-apple-darwin/bin/cargo test --no-run --verbose --package=farol-core@0.1.0
       Fresh unicode-ident v1.0.24
       Fresh cfg-if v1.0.4
       Fresh either v1.18.0
       Fresh autocfg v1.5.1
       Fresh tinyvec_macros v0.1.1
       Fresh proc-macro2 v1.0.107
       Fresh anstyle v1.0.14
       Fresh clap_lex v1.1.0
       Fresh ciborium-io v0.2.2
       Fresh quote v1.0.47
       Fresh libc v0.2.189
       Fresh serde_core v1.0.229
       Fresh crossbeam-utils v0.8.23
       Fresh zmij v1.0.23
       Fresh memchr v2.8.3
       Fresh regex-syntax v0.8.11
       Fresh itoa v1.0.18
       Fresh plotters-backend v0.3.7
       Fresh clap_builder v4.6.6
       Fresh tinyvec v1.13.2
       Fresh itertools v0.10.5
       Fresh cast v0.3.0
       Fresh syn v3.0.5
       Fresh syn v2.0.119
       Fresh crossbeam-epoch v0.9.21
       Fresh regex-automata v0.4.18
       Fresh num-traits v0.2.19
       Fresh errno v0.3.14
       Fresh plotters-svg v0.3.7
       Fresh serde_json v1.0.151
       Fresh same-file v1.0.6
       Fresh bitflags v2.13.1
       Fresh once_cell v1.21.4
       Fresh memmap2 v0.9.11
       Fresh criterion-plot v0.5.0
       Fresh clap v4.6.6
       Fresh unicode-normalization v0.1.25
       Fresh serde_derive v1.0.229
       Fresh zerocopy-derive v0.8.56
       Fresh crossbeam-deque v0.8.8
       Fresh thiserror-impl v2.0.20
       Fresh rustix v1.1.4
       Fresh regex v1.13.1
       Fresh plotters v0.3.7
       Fresh walkdir v2.5.0
       Fresh getrandom v0.4.3
       Fresh is-terminal v0.4.17
       Fresh oorandom v11.1.5
       Fresh fastrand v2.5.0
       Fresh anes v0.1.6
       Fresh serde v1.0.229
       Fresh zerocopy v0.8.56
       Fresh rayon-core v1.13.0
       Fresh thiserror v2.0.20
       Fresh tempfile v3.27.0
       Fresh half v2.7.1
       Fresh rayon v1.12.0
       Fresh bincode v1.3.3
       Fresh tinytemplate v1.2.1
       Fresh ciborium-ll v0.2.2
       Dirty farol-core v0.1.0 (/private/var/folders/8s/qhxsv9394vx11zlkpyxg7wlw0000gn/T/cargo-mutants-farol-QUxjnO.tmp/crates/core): the file `crates/core/src/cursor.rs` has changed (1788707685.374094191s, 2s after last build at 1788707683.768559932s)
   Compiling farol-core v0.1.0 (/private/var/folders/8s/qhxsv9394vx11zlkpyxg7wlw0000gn/T/cargo-mutants-farol-QUxjnO.tmp/crates/core)
       Fresh ciborium v0.2.2
       Fresh criterion v0.5.1
     Running `/Users/diegogo/.rustup/toolchains/stable-aarch64-apple-darwin/bin/rustc --crate-name farol_core --edition=2021 crates/core/src/lib.rs --error-format=json --json=diagnostic-rendered-ansi,artifacts,future-incompat --emit=dep-info,link -C embed-bitcode=no -C debuginfo=2 -C split-debuginfo=unpacked --warn=unexpected_cfgs --check-cfg 'cfg(loom)' --test --check-cfg 'cfg(docsrs,test)' --check-cfg 'cfg(feature, values())' -C metadata=fbd402c5829ccff0 -C extra-filename=-372b15c76dddf5b2 --out-dir /private/var/folders/8s/qhxsv9394vx11zlkpyxg7wlw0000gn/T/cargo-mutants-farol-QUxjnO.tmp/target/debug/deps -C incremental=/private/var/folders/8s/qhxsv9394vx11zlkpyxg7wlw0000gn/T/cargo-mutants-farol-QUxjnO.tmp/target/debug/incremental -L dependency=/private/var/folders/8s/qhxsv9394vx11zlkpyxg7wlw0000gn/T/cargo-mutants-farol-QUxjnO.tmp/target/debug/deps --extern bincode=/private/var/folders/8s/qhxsv9394vx11zlkpyxg7wlw0000gn/T/cargo-mutants-farol-QUxjnO.tmp/target/debug/deps/libbincode-95c7ea5c0ec9a36e.rlib --extern criterion=/private/var/folders/8s/qhxsv9394vx11zlkpyxg7wlw0000gn/T/cargo-mutants-farol-QUxjnO.tmp/target/debug/deps/libcriterion-7ad3f0c1d4488ac6.rlib --extern memmap2=/private/var/folders/8s/qhxsv9394vx11zlkpyxg7wlw0000gn/T/cargo-mutants-farol-QUxjnO.tmp/target/debug/deps/libmemmap2-1b266ad38812c5e6.rlib --extern rayon=/private/var/folders/8s/qhxsv9394vx11zlkpyxg7wlw0000gn/T/cargo-mutants-farol-QUxjnO.tmp/target/debug/deps/librayon-a880cf08b47986ad.rlib --extern serde=/private/var/folders/8s/qhxsv9394vx11zlkpyxg7wlw0000gn/T/cargo-mutants-farol-QUxjnO.tmp/target/debug/deps/libserde-dc473168293d285a.rlib --extern tempfile=/private/var/folders/8s/qhxsv9394vx11zlkpyxg7wlw0000gn/T/cargo-mutants-farol-QUxjnO.tmp/target/debug/deps/libtempfile-ca1a264b2b376e63.rlib --extern thiserror=/private/var/folders/8s/qhxsv9394vx11zlkpyxg7wlw0000gn/T/cargo-mutants-farol-QUxjnO.tmp/target/debug/deps/libthiserror-8a11e7add1c8cf69.rlib --extern unicode_normalization=/private/var/folders/8s/qhxsv9394vx11zlkpyxg7wlw0000gn/T/cargo-mutants-farol-QUxjnO.tmp/target/debug/deps/libunicode_normalization-fc66067d423c21c9.rlib`
     Running `/Users/diegogo/.rustup/toolchains/stable-aarch64-apple-darwin/bin/rustc --crate-name farol_core --edition=2021 crates/core/src/lib.rs --error-format=json --json=diagnostic-rendered-ansi,artifacts,future-incompat --crate-type lib --emit=dep-info,metadata,link -C embed-bitcode=no -C debuginfo=2 -C split-debuginfo=unpacked --warn=unexpected_cfgs --check-cfg 'cfg(loom)' --check-cfg 'cfg(docsrs,test)' --check-cfg 'cfg(feature, values())' -C metadata=4d1102f362dae130 -C extra-filename=-7996c1b4355c7c9e --out-dir /private/var/folders/8s/qhxsv9394vx11zlkpyxg7wlw0000gn/T/cargo-mutants-farol-QUxjnO.tmp/target/debug/deps -C incremental=/private/var/folders/8s/qhxsv9394vx11zlkpyxg7wlw0000gn/T/cargo-mutants-farol-QUxjnO.tmp/target/debug/incremental -L dependency=/private/var/folders/8s/qhxsv9394vx11zlkpyxg7wlw0000gn/T/cargo-mutants-farol-QUxjnO.tmp/target/debug/deps --extern bincode=/private/var/folders/8s/qhxsv9394vx11zlkpyxg7wlw0000gn/T/cargo-mutants-farol-QUxjnO.tmp/target/debug/deps/libbincode-95c7ea5c0ec9a36e.rmeta --extern memmap2=/private/var/folders/8s/qhxsv9394vx11zlkpyxg7wlw0000gn/T/cargo-mutants-farol-QUxjnO.tmp/target/debug/deps/libmemmap2-1b266ad38812c5e6.rmeta --extern rayon=/private/var/folders/8s/qhxsv9394vx11zlkpyxg7wlw0000gn/T/cargo-mutants-farol-QUxjnO.tmp/target/debug/deps/librayon-a880cf08b47986ad.rmeta --extern serde=/private/var/folders/8s/qhxsv9394vx11zlkpyxg7wlw0000gn/T/cargo-mutants-farol-QUxjnO.tmp/target/debug/deps/libserde-dc473168293d285a.rmeta --extern thiserror=/private/var/folders/8s/qhxsv9394vx11zlkpyxg7wlw0000gn/T/cargo-mutants-farol-QUxjnO.tmp/target/debug/deps/libthiserror-8a11e7add1c8cf69.rmeta --extern unicode_normalization=/private/var/folders/8s/qhxsv9394vx11zlkpyxg7wlw0000gn/T/cargo-mutants-farol-QUxjnO.tmp/target/debug/deps/libunicode_normalization-fc66067d423c21c9.rmeta`
error[E0277]: the trait bound `std::cmp::Ordering: Default` is not satisfied
  --> crates/core/src/topk.rs:34:9
   |
34 |         Default::default() /* ~ changed by cargo-mutants ~ */
   |         ^^^^^^^^^^^^^^^^^^ the trait `Default` is not implemented for `std::cmp::Ordering`

For more information about this error, try `rustc --explain E0277`.
error: could not compile `farol-core` (lib) due to 1 previous error

Caused by:
  process didn't exit successfully: `/Users/diegogo/.rustup/toolchains/stable-aarch64-apple-darwin/bin/rustc --crate-name farol_core --edition=2021 crates/core/src/lib.rs --error-format=json --json=diagnostic-rendered-ansi,artifacts,future-incompat --crate-type lib --emit=dep-info,metadata,link -C embed-bitcode=no -C debuginfo=2 -C split-debuginfo=unpacked --warn=unexpected_cfgs --check-cfg 'cfg(loom)' --check-cfg 'cfg(docsrs,test)' --check-cfg 'cfg(feature, values())' -C metadata=4d1102f362dae130 -C extra-filename=-7996c1b4355c7c9e --out-dir /private/var/folders/8s/qhxsv9394vx11zlkpyxg7wlw0000gn/T/cargo-mutants-farol-QUxjnO.tmp/target/debug/deps -C incremental=/private/var/folders/8s/qhxsv9394vx11zlkpyxg7wlw0000gn/T/cargo-mutants-farol-QUxjnO.tmp/target/debug/incremental -L dependency=/private/var/folders/8s/qhxsv9394vx11zlkpyxg7wlw0000gn/T/cargo-mutants-farol-QUxjnO.tmp/target/debug/deps --extern bincode=/private/var/folders/8s/qhxsv9394vx11zlkpyxg7wlw0000gn/T/cargo-mutants-farol-QUxjnO.tmp/target/debug/deps/libbincode-95c7ea5c0ec9a36e.rmeta --extern memmap2=/private/var/folders/8s/qhxsv9394vx11zlkpyxg7wlw0000gn/T/cargo-mutants-farol-QUxjnO.tmp/target/debug/deps/libmemmap2-1b266ad38812c5e6.rmeta --extern rayon=/private/var/folders/8s/qhxsv9394vx11zlkpyxg7wlw0000gn/T/cargo-mutants-farol-QUxjnO.tmp/target/debug/deps/librayon-a880cf08b47986ad.rmeta --extern serde=/private/var/folders/8s/qhxsv9394vx11zlkpyxg7wlw0000gn/T/cargo-mutants-farol-QUxjnO.tmp/target/debug/deps/libserde-dc473168293d285a.rmeta --extern thiserror=/private/var/folders/8s/qhxsv9394vx11zlkpyxg7wlw0000gn/T/cargo-mutants-farol-QUxjnO.tmp/target/debug/deps/libthiserror-8a11e7add1c8cf69.rmeta --extern unicode_normalization=/private/var/folders/8s/qhxsv9394vx11zlkpyxg7wlw0000gn/T/cargo-mutants-farol-QUxjnO.tmp/target/debug/deps/libunicode_normalization-fc66067d423c21c9.rmeta` (exit status: 1)
warning: build failed, waiting for other jobs to finish...
error: could not compile `farol-core` (lib test) due to 1 previous error

Caused by:
  process didn't exit successfully: `/Users/diegogo/.rustup/toolchains/stable-aarch64-apple-darwin/bin/rustc --crate-name farol_core --edition=2021 crates/core/src/lib.rs --error-format=json --json=diagnostic-rendered-ansi,artifacts,future-incompat --emit=dep-info,link -C embed-bitcode=no -C debuginfo=2 -C split-debuginfo=unpacked --warn=unexpected_cfgs --check-cfg 'cfg(loom)' --test --check-cfg 'cfg(docsrs,test)' --check-cfg 'cfg(feature, values())' -C metadata=fbd402c5829ccff0 -C extra-filename=-372b15c76dddf5b2 --out-dir /private/var/folders/8s/qhxsv9394vx11zlkpyxg7wlw0000gn/T/cargo-mutants-farol-QUxjnO.tmp/target/debug/deps -C incremental=/private/var/folders/8s/qhxsv9394vx11zlkpyxg7wlw0000gn/T/cargo-mutants-farol-QUxjnO.tmp/target/debug/incremental -L dependency=/private/var/folders/8s/qhxsv9394vx11zlkpyxg7wlw0000gn/T/cargo-mutants-farol-QUxjnO.tmp/target/debug/deps --extern bincode=/private/var/folders/8s/qhxsv9394vx11zlkpyxg7wlw0000gn/T/cargo-mutants-farol-QUxjnO.tmp/target/debug/deps/libbincode-95c7ea5c0ec9a36e.rlib --extern criterion=/private/var/folders/8s/qhxsv9394vx11zlkpyxg7wlw0000gn/T/cargo-mutants-farol-QUxjnO.tmp/target/debug/deps/libcriterion-7ad3f0c1d4488ac6.rlib --extern memmap2=/private/var/folders/8s/qhxsv9394vx11zlkpyxg7wlw0000gn/T/cargo-mutants-farol-QUxjnO.tmp/target/debug/deps/libmemmap2-1b266ad38812c5e6.rlib --extern rayon=/private/var/folders/8s/qhxsv9394vx11zlkpyxg7wlw0000gn/T/cargo-mutants-farol-QUxjnO.tmp/target/debug/deps/librayon-a880cf08b47986ad.rlib --extern serde=/private/var/folders/8s/qhxsv9394vx11zlkpyxg7wlw0000gn/T/cargo-mutants-farol-QUxjnO.tmp/target/debug/deps/libserde-dc473168293d285a.rlib --extern tempfile=/private/var/folders/8s/qhxsv9394vx11zlkpyxg7wlw0000gn/T/cargo-mutants-farol-QUxjnO.tmp/target/debug/deps/libtempfile-ca1a264b2b376e63.rlib --extern thiserror=/private/var/folders/8s/qhxsv9394vx11zlkpyxg7wlw0000gn/T/cargo-mutants-farol-QUxjnO.tmp/target/debug/deps/libthiserror-8a11e7add1c8cf69.rlib --extern unicode_normalization=/private/var/folders/8s/qhxsv9394vx11zlkpyxg7wlw0000gn/T/cargo-mutants-farol-QUxjnO.tmp/target/debug/deps/libunicode_normalization-fc66067d423c21c9.rlib` (exit status: 1)

*** result: Failure(101)
