
*** crates/core/src/codec.rs:65:28: replace - with / in encode_sorted

*** mutation diff:
--- crates/core/src/codec.rs
+++ replace - with / in encode_sorted
@@ -57,17 +57,17 @@
 
 /// Encodes a strictly increasing sequence as deltas, appending to `out`.
 ///
 /// The first value is written as is; every later one as its distance from its
 /// predecessor.
 pub fn encode_sorted(values: &[u32], out: &mut Vec<u8>) {
     let mut previous = 0u32;
     for &value in values {
-        write_varint(value - previous, out);
+        write_varint(value / /* ~ changed by cargo-mutants ~ */ previous, out);
         previous = value;
     }
 }
 
 /// Decodes `count` delta encoded values, returning them and the bytes consumed.
 pub fn decode_sorted(bytes: &[u8], count: usize) -> (Vec<u32>, usize) {
     let mut values = Vec::with_capacity(count);
     let mut consumed = 0;


*** /Users/diegogo/.rustup/toolchains/stable-aarch64-apple-darwin/bin/cargo test --no-run --verbose --package=farol-core@0.1.0
       Fresh unicode-ident v1.0.24
       Fresh cfg-if v1.0.4
       Fresh autocfg v1.5.1
       Fresh either v1.18.0
       Fresh proc-macro2 v1.0.107
       Fresh plotters-backend v0.3.7
       Fresh itoa v1.0.18
       Fresh quote v1.0.47
       Fresh libc v0.2.189
       Fresh serde_core v1.0.229
       Fresh crossbeam-utils v0.8.23
       Fresh zmij v1.0.23
       Fresh tinyvec_macros v0.1.1
       Fresh anstyle v1.0.14
       Fresh ciborium-io v0.2.2
       Fresh clap_lex v1.1.0
       Fresh regex-syntax v0.8.11
       Fresh memchr v2.8.3
       Fresh plotters-svg v0.3.7
       Fresh syn v3.0.5
       Fresh syn v2.0.119
       Fresh crossbeam-epoch v0.9.21
       Fresh num-traits v0.2.19
       Fresh regex-automata v0.4.18
       Fresh serde_json v1.0.151
       Fresh errno v0.3.14
       Fresh tinyvec v1.13.2
       Fresh clap_builder v4.6.6
       Fresh itertools v0.10.5
       Fresh cast v0.3.0
       Fresh bitflags v2.13.1
       Fresh once_cell v1.21.4
       Fresh same-file v1.0.6
       Fresh serde_derive v1.0.229
       Fresh zerocopy-derive v0.8.56
       Fresh crossbeam-deque v0.8.8
       Fresh thiserror-impl v2.0.20
       Fresh walkdir v2.5.0
       Fresh rustix v1.1.4
       Fresh regex v1.13.1
       Fresh getrandom v0.4.3
       Fresh plotters v0.3.7
       Fresh unicode-normalization v0.1.25
       Fresh clap v4.6.6
       Fresh criterion-plot v0.5.0
       Fresh memmap2 v0.9.11
       Fresh is-terminal v0.4.17
       Fresh fastrand v2.5.0
       Fresh anes v0.1.6
       Fresh serde v1.0.229
       Fresh zerocopy v0.8.56
       Fresh rayon-core v1.13.0
       Fresh thiserror v2.0.20
       Fresh oorandom v11.1.5
       Fresh tempfile v3.27.0
       Fresh half v2.7.1
       Fresh rayon v1.12.0
       Fresh bincode v1.3.3
       Fresh tinytemplate v1.2.1
       Fresh ciborium-ll v0.2.2
       Dirty farol-core v0.1.0 (/private/var/folders/8s/qhxsv9394vx11zlkpyxg7wlw0000gn/T/cargo-mutants-farol-ibSh0Y.tmp/crates/core): the file `crates/core/src/codec.rs` has changed (1788707210.795253422s, 2s after last build at 1788707208.918305980s)
   Compiling farol-core v0.1.0 (/private/var/folders/8s/qhxsv9394vx11zlkpyxg7wlw0000gn/T/cargo-mutants-farol-ibSh0Y.tmp/crates/core)
       Fresh ciborium v0.2.2
       Fresh criterion v0.5.1
     Running `/Users/diegogo/.rustup/toolchains/stable-aarch64-apple-darwin/bin/rustc --crate-name farol_core --edition=2021 crates/core/src/lib.rs --error-format=json --json=diagnostic-rendered-ansi,artifacts,future-incompat --emit=dep-info,link -C embed-bitcode=no -C debuginfo=2 -C split-debuginfo=unpacked --warn=unexpected_cfgs --check-cfg 'cfg(loom)' --test --check-cfg 'cfg(docsrs,test)' --check-cfg 'cfg(feature, values())' -C metadata=fbd402c5829ccff0 -C extra-filename=-372b15c76dddf5b2 --out-dir /private/var/folders/8s/qhxsv9394vx11zlkpyxg7wlw0000gn/T/cargo-mutants-farol-ibSh0Y.tmp/target/debug/deps -C incremental=/private/var/folders/8s/qhxsv9394vx11zlkpyxg7wlw0000gn/T/cargo-mutants-farol-ibSh0Y.tmp/target/debug/incremental -L dependency=/private/var/folders/8s/qhxsv9394vx11zlkpyxg7wlw0000gn/T/cargo-mutants-farol-ibSh0Y.tmp/target/debug/deps --extern bincode=/private/var/folders/8s/qhxsv9394vx11zlkpyxg7wlw0000gn/T/cargo-mutants-farol-ibSh0Y.tmp/target/debug/deps/libbincode-95c7ea5c0ec9a36e.rlib --extern criterion=/private/var/folders/8s/qhxsv9394vx11zlkpyxg7wlw0000gn/T/cargo-mutants-farol-ibSh0Y.tmp/target/debug/deps/libcriterion-7ad3f0c1d4488ac6.rlib --extern memmap2=/private/var/folders/8s/qhxsv9394vx11zlkpyxg7wlw0000gn/T/cargo-mutants-farol-ibSh0Y.tmp/target/debug/deps/libmemmap2-1b266ad38812c5e6.rlib --extern rayon=/private/var/folders/8s/qhxsv9394vx11zlkpyxg7wlw0000gn/T/cargo-mutants-farol-ibSh0Y.tmp/target/debug/deps/librayon-a880cf08b47986ad.rlib --extern serde=/private/var/folders/8s/qhxsv9394vx11zlkpyxg7wlw0000gn/T/cargo-mutants-farol-ibSh0Y.tmp/target/debug/deps/libserde-dc473168293d285a.rlib --extern tempfile=/private/var/folders/8s/qhxsv9394vx11zlkpyxg7wlw0000gn/T/cargo-mutants-farol-ibSh0Y.tmp/target/debug/deps/libtempfile-ca1a264b2b376e63.rlib --extern thiserror=/private/var/folders/8s/qhxsv9394vx11zlkpyxg7wlw0000gn/T/cargo-mutants-farol-ibSh0Y.tmp/target/debug/deps/libthiserror-8a11e7add1c8cf69.rlib --extern unicode_normalization=/private/var/folders/8s/qhxsv9394vx11zlkpyxg7wlw0000gn/T/cargo-mutants-farol-ibSh0Y.tmp/target/debug/deps/libunicode_normalization-fc66067d423c21c9.rlib`
     Running `/Users/diegogo/.rustup/toolchains/stable-aarch64-apple-darwin/bin/rustc --crate-name farol_core --edition=2021 crates/core/src/lib.rs --error-format=json --json=diagnostic-rendered-ansi,artifacts,future-incompat --crate-type lib --emit=dep-info,metadata,link -C embed-bitcode=no -C debuginfo=2 -C split-debuginfo=unpacked --warn=unexpected_cfgs --check-cfg 'cfg(loom)' --check-cfg 'cfg(docsrs,test)' --check-cfg 'cfg(feature, values())' -C metadata=4d1102f362dae130 -C extra-filename=-7996c1b4355c7c9e --out-dir /private/var/folders/8s/qhxsv9394vx11zlkpyxg7wlw0000gn/T/cargo-mutants-farol-ibSh0Y.tmp/target/debug/deps -C incremental=/private/var/folders/8s/qhxsv9394vx11zlkpyxg7wlw0000gn/T/cargo-mutants-farol-ibSh0Y.tmp/target/debug/incremental -L dependency=/private/var/folders/8s/qhxsv9394vx11zlkpyxg7wlw0000gn/T/cargo-mutants-farol-ibSh0Y.tmp/target/debug/deps --extern bincode=/private/var/folders/8s/qhxsv9394vx11zlkpyxg7wlw0000gn/T/cargo-mutants-farol-ibSh0Y.tmp/target/debug/deps/libbincode-95c7ea5c0ec9a36e.rmeta --extern memmap2=/private/var/folders/8s/qhxsv9394vx11zlkpyxg7wlw0000gn/T/cargo-mutants-farol-ibSh0Y.tmp/target/debug/deps/libmemmap2-1b266ad38812c5e6.rmeta --extern rayon=/private/var/folders/8s/qhxsv9394vx11zlkpyxg7wlw0000gn/T/cargo-mutants-farol-ibSh0Y.tmp/target/debug/deps/librayon-a880cf08b47986ad.rmeta --extern serde=/private/var/folders/8s/qhxsv9394vx11zlkpyxg7wlw0000gn/T/cargo-mutants-farol-ibSh0Y.tmp/target/debug/deps/libserde-dc473168293d285a.rmeta --extern thiserror=/private/var/folders/8s/qhxsv9394vx11zlkpyxg7wlw0000gn/T/cargo-mutants-farol-ibSh0Y.tmp/target/debug/deps/libthiserror-8a11e7add1c8cf69.rmeta --extern unicode_normalization=/private/var/folders/8s/qhxsv9394vx11zlkpyxg7wlw0000gn/T/cargo-mutants-farol-ibSh0Y.tmp/target/debug/deps/libunicode_normalization-fc66067d423c21c9.rmeta`
     Running `/Users/diegogo/.rustup/toolchains/stable-aarch64-apple-darwin/bin/rustc --crate-name relevance --edition=2021 crates/core/tests/relevance.rs --error-format=json --json=diagnostic-rendered-ansi,artifacts,future-incompat --emit=dep-info,link -C embed-bitcode=no -C debuginfo=2 -C split-debuginfo=unpacked --warn=unexpected_cfgs --check-cfg 'cfg(loom)' --test --check-cfg 'cfg(docsrs,test)' --check-cfg 'cfg(feature, values())' -C metadata=367d6d9188bb39a6 -C extra-filename=-5da9427daa1bc2eb --out-dir /private/var/folders/8s/qhxsv9394vx11zlkpyxg7wlw0000gn/T/cargo-mutants-farol-ibSh0Y.tmp/target/debug/deps -C incremental=/private/var/folders/8s/qhxsv9394vx11zlkpyxg7wlw0000gn/T/cargo-mutants-farol-ibSh0Y.tmp/target/debug/incremental -L dependency=/private/var/folders/8s/qhxsv9394vx11zlkpyxg7wlw0000gn/T/cargo-mutants-farol-ibSh0Y.tmp/target/debug/deps --extern bincode=/private/var/folders/8s/qhxsv9394vx11zlkpyxg7wlw0000gn/T/cargo-mutants-farol-ibSh0Y.tmp/target/debug/deps/libbincode-95c7ea5c0ec9a36e.rlib --extern criterion=/private/var/folders/8s/qhxsv9394vx11zlkpyxg7wlw0000gn/T/cargo-mutants-farol-ibSh0Y.tmp/target/debug/deps/libcriterion-7ad3f0c1d4488ac6.rlib --extern farol_core=/private/var/folders/8s/qhxsv9394vx11zlkpyxg7wlw0000gn/T/cargo-mutants-farol-ibSh0Y.tmp/target/debug/deps/libfarol_core-7996c1b4355c7c9e.rlib --extern memmap2=/private/var/folders/8s/qhxsv9394vx11zlkpyxg7wlw0000gn/T/cargo-mutants-farol-ibSh0Y.tmp/target/debug/deps/libmemmap2-1b266ad38812c5e6.rlib --extern rayon=/private/var/folders/8s/qhxsv9394vx11zlkpyxg7wlw0000gn/T/cargo-mutants-farol-ibSh0Y.tmp/target/debug/deps/librayon-a880cf08b47986ad.rlib --extern serde=/private/var/folders/8s/qhxsv9394vx11zlkpyxg7wlw0000gn/T/cargo-mutants-farol-ibSh0Y.tmp/target/debug/deps/libserde-dc473168293d285a.rlib --extern tempfile=/private/var/folders/8s/qhxsv9394vx11zlkpyxg7wlw0000gn/T/cargo-mutants-farol-ibSh0Y.tmp/target/debug/deps/libtempfile-ca1a264b2b376e63.rlib --extern thiserror=/private/var/folders/8s/qhxsv9394vx11zlkpyxg7wlw0000gn/T/cargo-mutants-farol-ibSh0Y.tmp/target/debug/deps/libthiserror-8a11e7add1c8cf69.rlib --extern unicode_normalization=/private/var/folders/8s/qhxsv9394vx11zlkpyxg7wlw0000gn/T/cargo-mutants-farol-ibSh0Y.tmp/target/debug/deps/libunicode_normalization-fc66067d423c21c9.rlib`
    Finished `test` profile [unoptimized + debuginfo] target(s) in 1.11s
  Executable `/private/var/folders/8s/qhxsv9394vx11zlkpyxg7wlw0000gn/T/cargo-mutants-farol-ibSh0Y.tmp/target/debug/deps/farol_core-372b15c76dddf5b2`
  Executable `/private/var/folders/8s/qhxsv9394vx11zlkpyxg7wlw0000gn/T/cargo-mutants-farol-ibSh0Y.tmp/target/debug/deps/relevance-5da9427daa1bc2eb`

*** result: Success

*** /Users/diegogo/.rustup/toolchains/stable-aarch64-apple-darwin/bin/cargo test --verbose --package=farol-core@0.1.0
       Fresh unicode-ident v1.0.24
       Fresh proc-macro2 v1.0.107
       Fresh quote v1.0.47
       Fresh cfg-if v1.0.4
       Fresh syn v3.0.5
       Fresh libc v0.2.189
       Fresh serde_core v1.0.229
       Fresh syn v2.0.119
       Fresh crossbeam-utils v0.8.23
       Fresh serde_derive v1.0.229
       Fresh zerocopy-derive v0.8.56
       Fresh crossbeam-epoch v0.9.21
       Fresh autocfg v1.5.1
       Fresh either v1.18.0
       Fresh ciborium-io v0.2.2
       Fresh regex-syntax v0.8.11
       Fresh serde v1.0.229
       Fresh crossbeam-deque v0.8.8
       Fresh zerocopy v0.8.56
       Fresh clap_lex v1.1.0
       Fresh memchr v2.8.3
       Fresh itoa v1.0.18
       Fresh anstyle v1.0.14
       Fresh tinyvec_macros v0.1.1
       Fresh zmij v1.0.23
       Fresh rayon-core v1.13.0
       Fresh half v2.7.1
       Fresh plotters-backend v0.3.7
       Fresh tinyvec v1.13.2
       Fresh clap_builder v4.6.6
       Fresh itertools v0.10.5
       Fresh regex-automata v0.4.18
       Fresh errno v0.3.14
       Fresh thiserror-impl v2.0.20
       Fresh num-traits v0.2.19
       Fresh rayon v1.12.0
       Fresh serde_json v1.0.151
       Fresh plotters-svg v0.3.7
       Fresh ciborium-ll v0.2.2
       Fresh bitflags v2.13.1
       Fresh once_cell v1.21.4
       Fresh cast v0.3.0
       Fresh same-file v1.0.6
       Fresh getrandom v0.4.3
       Fresh thiserror v2.0.20
       Fresh regex v1.13.1
       Fresh unicode-normalization v0.1.25
       Fresh clap v4.6.6
       Fresh plotters v0.3.7
       Fresh criterion-plot v0.5.0
       Fresh tinytemplate v1.2.1
       Fresh walkdir v2.5.0
       Fresh rustix v1.1.4
       Fresh ciborium v0.2.2
       Fresh bincode v1.3.3
       Fresh memmap2 v0.9.11
       Fresh is-terminal v0.4.17
       Fresh fastrand v2.5.0
       Fresh anes v0.1.6
       Fresh oorandom v11.1.5
       Fresh tempfile v3.27.0
       Fresh criterion v0.5.1
       Fresh farol-core v0.1.0 (/private/var/folders/8s/qhxsv9394vx11zlkpyxg7wlw0000gn/T/cargo-mutants-farol-ibSh0Y.tmp/crates/core)
    Finished `test` profile [unoptimized + debuginfo] target(s) in 0.08s
     Running `/private/var/folders/8s/qhxsv9394vx11zlkpyxg7wlw0000gn/T/cargo-mutants-farol-ibSh0Y.tmp/target/debug/deps/farol_core-372b15c76dddf5b2`

running 138 tests
test bm25::tests::parameters_are_clamped_to_a_valid_range ... ok
test bm25::tests::k1_zero_makes_term_frequency_binary ... ok
test bm25::tests::short_documents_outrank_long_ones_for_the_same_match ... ok
test bm25::tests::idf_never_goes_negative_for_ubiquitous_terms ... ok
test bm25::tests::idf_falls_as_the_term_becomes_common ... ok
test bm25::tests::absent_terms_and_empty_indexes_score_zero ... ok
test bm25::tests::b_zero_disables_length_normalisation ... ok
test analyzer::tests::stem_leaves_short_words_untouched ... ok
test bm25::tests::term_frequency_saturates ... ok
test analyzer::tests::stem_collapses_portuguese_plurals ... ok
test analyzer::tests::split_words_yields_byte_spans_of_the_original_text ... ok
test analyzer::tests::stem_is_idempotent ... ok
test analyzer::tests::raw_analyzer_preserves_every_token ... ok
test analyzer::tests::normalize_strips_accents_and_case ... ok
test codec::tests::an_unterminated_varint_does_not_read_past_the_slice ... ok
test analyzer::tests::offsets_point_at_the_original_word ... ok
test analyzer::tests::analyze_keeps_positions_across_removed_stopwords ... ok
test codec::tests::a_single_value_and_an_empty_slice_are_handled ... FAILED
test analyzer::tests::indexing_and_query_produce_the_same_terms ... ok
test codec::tests::decoding_more_values_than_encoded_returns_what_exists ... FAILED
test codec::tests::plain_values_round_trip_without_the_sorted_assumption ... ok
test codec::tests::delta_encoding_beats_fixed_width_on_dense_lists ... FAILED
test codec::tests::sorted_sequences_round_trip ... FAILED
test codec::tests::varint_length_grows_with_magnitude ... ok
test codec::tests::truncated_input_stops_instead_of_looping_or_panicking ... FAILED
test codec::tests::varints_round_trip_across_every_size_boundary ... ok
test cursor::tests::a_new_cursor_points_at_the_first_document ... FAILED
test cursor::tests::advance_to_matches_a_linear_scan_on_every_target ... FAILED
test cursor::tests::advance_walks_every_posting_across_block_boundaries ... FAILED
test cursor::tests::skipping_past_the_end_exhausts_the_cursor ... FAILED
test cursor::tests::advance_to_never_moves_backwards ... FAILED
test cursor::tests::a_long_skip_decodes_only_the_landing_block ... FAILED
test cursor::tests::a_block_bound_is_never_looser_than_the_term_bound ... FAILED
test cursor::tests::remaining_counts_the_postings_still_ahead ... FAILED
test engine::tests::an_unparsable_query_is_an_error_not_an_empty_result ... FAILED
test engine::tests::indexing_a_missing_directory_reports_the_path ... ok
test index::tests::compressed_postings_decode_back_to_what_was_indexed ... FAILED
test index::tests::avg_doc_len_is_the_mean_term_count ... FAILED
test engine::tests::a_mapped_index_refuses_further_indexing ... FAILED
test engine::tests::an_engine_round_trips_through_the_serialised_format_too ... FAILED
test index::tests::doc_freq_counts_documents_not_occurrences ... FAILED
test index::tests::empty_index_reports_zero_average_length ... ok
test engine::tests::search_reports_the_strategy_it_used ... FAILED
test engine::tests::an_engine_round_trips_through_a_mapped_index ... FAILED
test engine::tests::crawling_picks_text_files_recursively_and_skips_the_rest ... FAILED
test index::tests::finish_records_the_score_bounds_of_every_term ... FAILED
test index::tests::finish_sorts_posting_lists_by_doc_id ... FAILED
test engine::tests::markdown_headings_become_titles ... FAILED
test index::tests::merge_renumbers_documents_and_keeps_postings_aligned ... FAILED
test engine::tests::extensions_can_be_restricted ... FAILED
test engine::tests::a_shared_term_ranks_both_documents ... FAILED
test index::tests::every_block_carries_its_own_score_bounds ... FAILED
test index::tests::posting_lists_are_split_into_blocks ... FAILED
test index::tests::postings_record_every_position ... FAILED
test index::tests::reopening_a_sealed_index_keeps_the_earlier_postings ... FAILED
test index::tests::score_bounds_are_refreshed_after_a_merge ... FAILED
test query::tests::a_phrase_can_be_required_or_forbidden ... ok
test engine::tests::search_returns_titles_scores_and_snippets ... FAILED
test mmap::tests::a_truncated_file_is_rejected_instead_of_read ... FAILED
test mmap::tests::queries_run_against_a_mapped_index ... FAILED
test mmap::tests::a_foreign_file_is_rejected ... ok
test mmap::tests::documents_are_read_straight_from_the_mapping ... FAILED
test query::tests::a_query_of_only_exclusions_is_rejected ... ok
test mmap::tests::score_bounds_survive_the_round_trip ... FAILED
test query::tests::a_single_word_phrase_degrades_to_a_term ... ok
test query::tests::bare_terms_are_optional ... ok
test query::tests::a_query_of_only_stopwords_is_rejected ... ok
test index::tests::compression_shrinks_a_dense_posting_list ... FAILED
test mmap::tests::posting_lists_decode_to_the_same_values ... FAILED
test mmap::tests::a_mapped_index_answers_like_the_one_in_memory ... FAILED
test mmap::tests::the_dictionary_binary_search_finds_every_term ... FAILED
test query::tests::phrase_offsets_keep_the_gap_left_by_a_stopword ... ok
test engine::tests::both_formats_return_the_same_results ... FAILED
test query::tests::positive_terms_ignore_exclusions ... ok
test query::tests::prefixes_set_the_boolean_role ... ok
test query::tests::quoted_text_becomes_a_phrase_with_relative_offsets ... ok
test query::tests::unterminated_quote_is_rejected ... ok
test query::tests::queries_are_analyzed_like_documents ... ok
test searcher::tests::documents_matching_more_clauses_rank_higher ... FAILED
test searcher::tests::constrained_queries_fall_back_to_exhaustive_evaluation ... FAILED
test searcher::tests::limit_truncates_the_ranking ... FAILED
test searcher::tests::excluded_terms_are_removed_from_the_results ... FAILED
test searcher::tests::optional_terms_match_any_document ... FAILED
test searcher::tests::phrases_do_not_match_terms_that_are_merely_present ... FAILED
test searcher::tests::phrases_require_adjacency_in_the_right_order ... FAILED
test searcher::tests::required_terms_intersect ... FAILED
test searcher::tests::scores_are_positive_and_ordered ... FAILED
test searcher::tests::searching_an_empty_index_is_not_an_error ... ok
test searcher::tests::unknown_terms_yield_no_results ... FAILED
test service::tests::a_rebuild_inherits_the_configuration_in_service ... FAILED
test service::tests::concurrent_rebuilds_are_serialised_and_numbered_without_gaps ... FAILED
test mmap::tests::an_empty_index_maps_cleanly ... ok
test service::tests::a_mapped_index_can_be_adopted_without_rebuilding_it ... FAILED
test service::tests::a_new_service_serves_generation_one ... FAILED
test service::tests::a_snapshot_keeps_answering_from_the_generation_it_took ... FAILED
test service::tests::reindexing_publishes_the_next_generation ... FAILED
test service::tests::queries_keep_being_answered_while_the_index_is_rebuilt ... FAILED
test snapshot::tests::a_held_snapshot_survives_replacement ... ok
test service::tests::publishing_an_engine_directly_bumps_the_generation ... FAILED
test snapshot::tests::load_returns_the_current_value ... ok
test snapshot::tests::store_returns_the_previous_value ... ok
test snapshot::tests::superseded_values_are_reclaimed_once_readers_are_gone ... ok
test snapshot::tests::the_cell_drops_its_value_exactly_once ... ok
test snippet::tests::markers_are_configurable ... ok
test snippet::tests::documents_without_a_visible_match_fall_back_to_the_head ... ok
test snapshot::tests::concurrent_writers_leave_one_of_their_values_current ... ok
test snapshot::tests::reclamation_is_skipped_rather_than_waited_for ... ok
test snippet::tests::short_documents_are_returned_whole ... ok
test snapshot::tests::readers_keep_making_progress_while_a_writer_swaps ... ok
test snippet::tests::matched_words_are_wrapped_in_the_markers ... ok
test snippet::tests::snippets_are_single_line ... ok
test snippet::tests::the_window_moves_to_where_the_matches_are ... ok
test snippet::tests::the_window_prefers_the_most_distinct_terms ... ok
test source::tests::a_mapped_source_refuses_to_be_written_to ... FAILED
test source::tests::a_memory_source_can_still_be_extended ... FAILED
test source::tests::an_edit_is_sealed_back_even_when_the_caller_returns_early ... FAILED
test source::tests::both_sources_answer_identically ... FAILED
test snippet::tests::windows_never_split_a_multibyte_character ... ok
test store::tests::a_future_format_version_is_reported_clearly ... FAILED
test store::tests::a_reloaded_index_still_answers_queries ... FAILED
test store::tests::a_truncated_index_is_a_decode_error_not_a_panic ... FAILED
test store::tests::a_foreign_file_is_rejected_before_decoding ... ok
test topk::tests::a_zero_sized_collector_keeps_nothing ... ok
test topk::tests::fewer_documents_than_k_is_fine ... ok
test topk::tests::the_threshold_is_zero_until_it_fills_up ... ok
test topk::tests::the_threshold_rises_as_better_documents_arrive ... ok
test topk::tests::keeps_only_the_best_k ... ok
test topk::tests::would_accept_agrees_with_offer ... ok
test topk::tests::ties_resolve_towards_the_lower_document_id ... ok
test store::tests::an_index_survives_a_round_trip ... FAILED
test store::tests::saving_twice_replaces_the_file_and_leaves_no_temporary ... FAILED
test searcher::tests::pruning_and_exhaustive_scoring_return_the_same_ranking ... FAILED
test searcher::tests::pruning_can_be_turned_off_without_changing_the_ranking ... FAILED
test engine::tests::parallel_indexing_produces_the_same_ids_as_a_sequential_run ... FAILED
test searcher::tests::pruning_holds_under_retuned_ranking_parameters ... FAILED
test searcher::tests::a_smaller_limit_prunes_more ... FAILED
test searcher::tests::pruning_scores_far_fewer_documents_than_it_matches ... FAILED
test searcher::tests::block_max_bounds_skip_whole_blocks ... FAILED

failures:

---- codec::tests::a_single_value_and_an_empty_slice_are_handled stdout ----

thread 'codec::tests::a_single_value_and_an_empty_slice_are_handled' (12843110) panicked at crates/core/src/codec.rs:65:22:
attempt to divide by zero
note: run with `RUST_BACKTRACE=1` environment variable to display a backtrace

---- codec::tests::decoding_more_values_than_encoded_returns_what_exists stdout ----

thread 'codec::tests::decoding_more_values_than_encoded_returns_what_exists' (12843112) panicked at crates/core/src/codec.rs:65:22:
attempt to divide by zero

---- codec::tests::delta_encoding_beats_fixed_width_on_dense_lists stdout ----

thread 'codec::tests::delta_encoding_beats_fixed_width_on_dense_lists' (12843113) panicked at crates/core/src/codec.rs:65:22:
attempt to divide by zero

---- codec::tests::sorted_sequences_round_trip stdout ----

thread 'codec::tests::sorted_sequences_round_trip' (12843115) panicked at crates/core/src/codec.rs:65:22:
attempt to divide by zero

---- codec::tests::truncated_input_stops_instead_of_looping_or_panicking stdout ----

thread 'codec::tests::truncated_input_stops_instead_of_looping_or_panicking' (12843116) panicked at crates/core/src/codec.rs:65:22:
attempt to divide by zero

---- cursor::tests::a_new_cursor_points_at_the_first_document stdout ----

thread 'cursor::tests::a_new_cursor_points_at_the_first_document' (12843121) panicked at crates/core/src/codec.rs:65:22:
attempt to divide by zero

---- cursor::tests::advance_to_matches_a_linear_scan_on_every_target stdout ----

thread 'cursor::tests::advance_to_matches_a_linear_scan_on_every_target' (12843122) panicked at crates/core/src/codec.rs:65:22:
attempt to divide by zero

---- cursor::tests::advance_walks_every_posting_across_block_boundaries stdout ----

thread 'cursor::tests::advance_walks_every_posting_across_block_boundaries' (12843124) panicked at crates/core/src/codec.rs:65:22:
attempt to divide by zero

---- cursor::tests::skipping_past_the_end_exhausts_the_cursor stdout ----

thread 'cursor::tests::skipping_past_the_end_exhausts_the_cursor' (12843126) panicked at crates/core/src/codec.rs:65:22:
attempt to divide by zero

---- cursor::tests::advance_to_never_moves_backwards stdout ----

thread 'cursor::tests::advance_to_never_moves_backwards' (12843123) panicked at crates/core/src/codec.rs:65:22:
attempt to divide by zero

---- cursor::tests::a_long_skip_decodes_only_the_landing_block stdout ----

thread 'cursor::tests::a_long_skip_decodes_only_the_landing_block' (12843120) panicked at crates/core/src/codec.rs:65:22:
attempt to divide by zero

---- cursor::tests::a_block_bound_is_never_looser_than_the_term_bound stdout ----

thread 'cursor::tests::a_block_bound_is_never_looser_than_the_term_bound' (12843119) panicked at crates/core/src/codec.rs:65:22:
attempt to divide by zero

---- cursor::tests::remaining_counts_the_postings_still_ahead stdout ----

thread 'cursor::tests::remaining_counts_the_postings_still_ahead' (12843125) panicked at crates/core/src/codec.rs:65:22:
attempt to divide by zero

---- engine::tests::an_unparsable_query_is_an_error_not_an_empty_result stdout ----

thread 'engine::tests::an_unparsable_query_is_an_error_not_an_empty_result' (12843131) panicked at crates/core/src/codec.rs:65:22:
attempt to divide by zero

---- index::tests::compressed_postings_decode_back_to_what_was_indexed stdout ----

thread 'index::tests::compressed_postings_decode_back_to_what_was_indexed' (12843141) panicked at crates/core/src/codec.rs:65:22:
attempt to divide by zero

---- index::tests::avg_doc_len_is_the_mean_term_count stdout ----

thread 'index::tests::avg_doc_len_is_the_mean_term_count' (12843140) panicked at crates/core/src/codec.rs:65:22:
attempt to divide by zero

---- engine::tests::a_mapped_index_refuses_further_indexing stdout ----

thread 'engine::tests::a_mapped_index_refuses_further_indexing' (12843127) panicked at crates/core/src/codec.rs:65:22:
attempt to divide by zero

---- engine::tests::an_engine_round_trips_through_the_serialised_format_too stdout ----

thread 'engine::tests::an_engine_round_trips_through_the_serialised_format_too' (12843130) panicked at crates/core/src/codec.rs:65:22:
attempt to divide by zero

---- index::tests::doc_freq_counts_documents_not_occurrences stdout ----

thread 'index::tests::doc_freq_counts_documents_not_occurrences' (12843143) panicked at crates/core/src/codec.rs:65:22:
attempt to divide by zero

---- engine::tests::search_reports_the_strategy_it_used stdout ----

thread 'engine::tests::search_reports_the_strategy_it_used' (12843138) panicked at crates/core/src/codec.rs:65:22:
attempt to divide by zero

---- engine::tests::an_engine_round_trips_through_a_mapped_index stdout ----

thread 'engine::tests::an_engine_round_trips_through_a_mapped_index' (12843129) panicked at crates/core/src/codec.rs:65:22:
attempt to divide by zero

---- engine::tests::crawling_picks_text_files_recursively_and_skips_the_rest stdout ----

thread 'engine::tests::crawling_picks_text_files_recursively_and_skips_the_rest' (12843133) panicked at crates/core/src/codec.rs:65:22:
attempt to divide by zero

---- index::tests::finish_records_the_score_bounds_of_every_term stdout ----

thread 'index::tests::finish_records_the_score_bounds_of_every_term' (12843162) panicked at crates/core/src/codec.rs:65:22:
attempt to divide by zero

---- index::tests::finish_sorts_posting_lists_by_doc_id stdout ----

thread 'index::tests::finish_sorts_posting_lists_by_doc_id' (12843163) panicked at crates/core/src/codec.rs:65:22:
attempt to divide by zero

---- engine::tests::markdown_headings_become_titles stdout ----

thread 'engine::tests::markdown_headings_become_titles' (12843136) panicked at crates/core/src/codec.rs:65:22:
attempt to divide by zero

---- index::tests::merge_renumbers_documents_and_keeps_postings_aligned stdout ----

thread 'index::tests::merge_renumbers_documents_and_keeps_postings_aligned' (12843164) panicked at crates/core/src/codec.rs:65:22:
attempt to divide by zero

---- engine::tests::extensions_can_be_restricted stdout ----

thread 'engine::tests::extensions_can_be_restricted' (12843134) panicked at crates/core/src/codec.rs:65:22:
attempt to divide by zero

---- engine::tests::a_shared_term_ranks_both_documents stdout ----

thread 'engine::tests::a_shared_term_ranks_both_documents' (12843128) panicked at crates/core/src/codec.rs:65:22:
attempt to divide by zero

---- index::tests::every_block_carries_its_own_score_bounds stdout ----

thread 'index::tests::every_block_carries_its_own_score_bounds' (12843161) panicked at crates/core/src/codec.rs:65:22:
attempt to divide by zero

---- index::tests::posting_lists_are_split_into_blocks stdout ----

thread 'index::tests::posting_lists_are_split_into_blocks' (12843165) panicked at crates/core/src/codec.rs:65:22:
attempt to divide by zero

---- index::tests::postings_record_every_position stdout ----

thread 'index::tests::postings_record_every_position' (12843166) panicked at crates/core/src/codec.rs:65:22:
attempt to divide by zero

---- index::tests::reopening_a_sealed_index_keeps_the_earlier_postings stdout ----

thread 'index::tests::reopening_a_sealed_index_keeps_the_earlier_postings' (12843167) panicked at crates/core/src/codec.rs:65:22:
attempt to divide by zero

---- index::tests::score_bounds_are_refreshed_after_a_merge stdout ----

thread 'index::tests::score_bounds_are_refreshed_after_a_merge' (12843168) panicked at crates/core/src/codec.rs:65:22:
attempt to divide by zero

---- engine::tests::search_returns_titles_scores_and_snippets stdout ----

thread 'engine::tests::search_returns_titles_scores_and_snippets' (12843139) panicked at crates/core/src/codec.rs:65:22:
attempt to divide by zero

---- mmap::tests::a_truncated_file_is_rejected_instead_of_read stdout ----

thread 'mmap::tests::a_truncated_file_is_rejected_instead_of_read' (12843171) panicked at crates/core/src/codec.rs:65:22:
attempt to divide by zero

---- mmap::tests::queries_run_against_a_mapped_index stdout ----

thread 'mmap::tests::queries_run_against_a_mapped_index' (12843175) panicked at crates/core/src/codec.rs:65:22:
attempt to divide by zero

---- mmap::tests::documents_are_read_straight_from_the_mapping stdout ----

thread 'mmap::tests::documents_are_read_straight_from_the_mapping' (12843173) panicked at crates/core/src/codec.rs:65:22:
attempt to divide by zero

---- mmap::tests::score_bounds_survive_the_round_trip stdout ----

thread 'mmap::tests::score_bounds_survive_the_round_trip' (12843176) panicked at crates/core/src/codec.rs:65:22:
attempt to divide by zero

---- index::tests::compression_shrinks_a_dense_posting_list stdout ----

thread 'index::tests::compression_shrinks_a_dense_posting_list' (12843142) panicked at crates/core/src/codec.rs:65:22:
attempt to divide by zero

---- mmap::tests::posting_lists_decode_to_the_same_values stdout ----

thread 'mmap::tests::posting_lists_decode_to_the_same_values' (12843174) panicked at crates/core/src/codec.rs:65:22:
attempt to divide by zero

---- mmap::tests::a_mapped_index_answers_like_the_one_in_memory stdout ----

thread 'mmap::tests::a_mapped_index_answers_like_the_one_in_memory' (12843170) panicked at crates/core/src/codec.rs:65:22:
attempt to divide by zero

---- mmap::tests::the_dictionary_binary_search_finds_every_term stdout ----

thread 'mmap::tests::the_dictionary_binary_search_finds_every_term' (12843177) panicked at crates/core/src/codec.rs:65:22:
attempt to divide by zero

---- engine::tests::both_formats_return_the_same_results stdout ----

thread 'engine::tests::both_formats_return_the_same_results' (12843132) panicked at crates/core/src/codec.rs:65:22:
attempt to divide by zero

---- searcher::tests::documents_matching_more_clauses_rank_higher stdout ----

thread 'searcher::tests::documents_matching_more_clauses_rank_higher' (12843210) panicked at crates/core/src/codec.rs:65:22:
attempt to divide by zero

---- searcher::tests::constrained_queries_fall_back_to_exhaustive_evaluation stdout ----

thread 'searcher::tests::constrained_queries_fall_back_to_exhaustive_evaluation' (12843209) panicked at crates/core/src/codec.rs:65:22:
attempt to divide by zero

---- searcher::tests::limit_truncates_the_ranking stdout ----

thread 'searcher::tests::limit_truncates_the_ranking' (12843212) panicked at crates/core/src/codec.rs:65:22:
attempt to divide by zero

---- searcher::tests::excluded_terms_are_removed_from_the_results stdout ----

thread 'searcher::tests::excluded_terms_are_removed_from_the_results' (12843211) panicked at crates/core/src/codec.rs:65:22:
attempt to divide by zero

---- searcher::tests::optional_terms_match_any_document stdout ----

thread 'searcher::tests::optional_terms_match_any_document' (12843213) panicked at crates/core/src/codec.rs:65:22:
attempt to divide by zero

---- searcher::tests::phrases_do_not_match_terms_that_are_merely_present stdout ----

thread 'searcher::tests::phrases_do_not_match_terms_that_are_merely_present' (12843214) panicked at crates/core/src/codec.rs:65:22:
attempt to divide by zero

---- searcher::tests::phrases_require_adjacency_in_the_right_order stdout ----

thread 'searcher::tests::phrases_require_adjacency_in_the_right_order' (12843215) panicked at crates/core/src/codec.rs:65:22:
attempt to divide by zero

---- searcher::tests::required_terms_intersect stdout ----

thread 'searcher::tests::required_terms_intersect' (12843221) panicked at crates/core/src/codec.rs:65:22:
attempt to divide by zero

---- searcher::tests::scores_are_positive_and_ordered stdout ----

thread 'searcher::tests::scores_are_positive_and_ordered' (12843222) panicked at crates/core/src/codec.rs:65:22:
attempt to divide by zero

---- searcher::tests::unknown_terms_yield_no_results stdout ----

thread 'searcher::tests::unknown_terms_yield_no_results' (12843224) panicked at crates/core/src/codec.rs:65:22:
attempt to divide by zero

---- service::tests::a_rebuild_inherits_the_configuration_in_service stdout ----

thread 'service::tests::a_rebuild_inherits_the_configuration_in_service' (12843227) panicked at crates/core/src/codec.rs:65:22:
attempt to divide by zero

---- service::tests::concurrent_rebuilds_are_serialised_and_numbered_without_gaps stdout ----

thread 'service::tests::concurrent_rebuilds_are_serialised_and_numbered_without_gaps' (12843229) panicked at crates/core/src/codec.rs:65:22:
attempt to divide by zero

---- service::tests::a_mapped_index_can_be_adopted_without_rebuilding_it stdout ----

thread 'service::tests::a_mapped_index_can_be_adopted_without_rebuilding_it' (12843225) panicked at crates/core/src/codec.rs:65:22:
attempt to divide by zero

---- service::tests::a_new_service_serves_generation_one stdout ----

thread 'service::tests::a_new_service_serves_generation_one' (12843226) panicked at crates/core/src/codec.rs:65:22:
attempt to divide by zero

---- service::tests::a_snapshot_keeps_answering_from_the_generation_it_took stdout ----

thread 'service::tests::a_snapshot_keeps_answering_from_the_generation_it_took' (12843228) panicked at crates/core/src/codec.rs:65:22:
attempt to divide by zero

---- service::tests::reindexing_publishes_the_next_generation stdout ----

thread 'service::tests::reindexing_publishes_the_next_generation' (12843232) panicked at crates/core/src/codec.rs:65:22:
attempt to divide by zero

---- service::tests::queries_keep_being_answered_while_the_index_is_rebuilt stdout ----

thread 'service::tests::queries_keep_being_answered_while_the_index_is_rebuilt' (12843231) panicked at crates/core/src/codec.rs:65:22:
attempt to divide by zero

---- service::tests::publishing_an_engine_directly_bumps_the_generation stdout ----

thread 'service::tests::publishing_an_engine_directly_bumps_the_generation' (12843230) panicked at crates/core/src/codec.rs:65:22:
attempt to divide by zero

---- source::tests::a_mapped_source_refuses_to_be_written_to stdout ----

thread 'source::tests::a_mapped_source_refuses_to_be_written_to' (12843269) panicked at crates/core/src/codec.rs:65:22:
attempt to divide by zero

---- source::tests::a_memory_source_can_still_be_extended stdout ----

thread 'source::tests::a_memory_source_can_still_be_extended' (12843270) panicked at crates/core/src/codec.rs:65:22:
attempt to divide by zero

---- source::tests::an_edit_is_sealed_back_even_when_the_caller_returns_early stdout ----

thread 'source::tests::an_edit_is_sealed_back_even_when_the_caller_returns_early' (12843271) panicked at crates/core/src/codec.rs:65:22:
attempt to divide by zero

---- source::tests::both_sources_answer_identically stdout ----

thread 'source::tests::both_sources_answer_identically' (12843272) panicked at crates/core/src/codec.rs:65:22:
attempt to divide by zero

---- store::tests::a_future_format_version_is_reported_clearly stdout ----

thread 'store::tests::a_future_format_version_is_reported_clearly' (12843274) panicked at crates/core/src/codec.rs:65:22:
attempt to divide by zero

---- store::tests::a_reloaded_index_still_answers_queries stdout ----

thread 'store::tests::a_reloaded_index_still_answers_queries' (12843275) panicked at crates/core/src/codec.rs:65:22:
attempt to divide by zero

---- store::tests::a_truncated_index_is_a_decode_error_not_a_panic stdout ----

thread 'store::tests::a_truncated_index_is_a_decode_error_not_a_panic' (12843276) panicked at crates/core/src/codec.rs:65:22:
attempt to divide by zero

---- store::tests::an_index_survives_a_round_trip stdout ----

thread 'store::tests::an_index_survives_a_round_trip' (12843277) panicked at crates/core/src/codec.rs:65:22:
attempt to divide by zero

---- store::tests::saving_twice_replaces_the_file_and_leaves_no_temporary stdout ----

thread 'store::tests::saving_twice_replaces_the_file_and_leaves_no_temporary' (12843279) panicked at crates/core/src/codec.rs:65:22:
attempt to divide by zero

---- searcher::tests::pruning_and_exhaustive_scoring_return_the_same_ranking stdout ----

thread 'searcher::tests::pruning_and_exhaustive_scoring_return_the_same_ranking' (12843216) panicked at crates/core/src/codec.rs:65:22:
attempt to divide by zero

---- searcher::tests::pruning_can_be_turned_off_without_changing_the_ranking stdout ----

thread 'searcher::tests::pruning_can_be_turned_off_without_changing_the_ranking' (12843218) panicked at crates/core/src/codec.rs:65:22:
attempt to divide by zero

---- engine::tests::parallel_indexing_produces_the_same_ids_as_a_sequential_run stdout ----

thread 'engine::tests::parallel_indexing_produces_the_same_ids_as_a_sequential_run' (12843137) panicked at crates/core/src/codec.rs:65:22:
attempt to divide by zero

---- searcher::tests::pruning_holds_under_retuned_ranking_parameters stdout ----

thread 'searcher::tests::pruning_holds_under_retuned_ranking_parameters' (12843219) panicked at crates/core/src/codec.rs:65:22:
attempt to divide by zero

---- searcher::tests::a_smaller_limit_prunes_more stdout ----

thread 'searcher::tests::a_smaller_limit_prunes_more' (12843207) panicked at crates/core/src/codec.rs:65:22:
attempt to divide by zero

---- searcher::tests::pruning_scores_far_fewer_documents_than_it_matches stdout ----

thread 'searcher::tests::pruning_scores_far_fewer_documents_than_it_matches' (12843220) panicked at crates/core/src/codec.rs:65:22:
attempt to divide by zero

---- searcher::tests::block_max_bounds_skip_whole_blocks stdout ----

thread 'searcher::tests::block_max_bounds_skip_whole_blocks' (12843208) panicked at crates/core/src/codec.rs:65:22:
attempt to divide by zero


failures:
    codec::tests::a_single_value_and_an_empty_slice_are_handled
    codec::tests::decoding_more_values_than_encoded_returns_what_exists
    codec::tests::delta_encoding_beats_fixed_width_on_dense_lists
    codec::tests::sorted_sequences_round_trip
    codec::tests::truncated_input_stops_instead_of_looping_or_panicking
    cursor::tests::a_block_bound_is_never_looser_than_the_term_bound
    cursor::tests::a_long_skip_decodes_only_the_landing_block
    cursor::tests::a_new_cursor_points_at_the_first_document
    cursor::tests::advance_to_matches_a_linear_scan_on_every_target
    cursor::tests::advance_to_never_moves_backwards
    cursor::tests::advance_walks_every_posting_across_block_boundaries
    cursor::tests::remaining_counts_the_postings_still_ahead
    cursor::tests::skipping_past_the_end_exhausts_the_cursor
    engine::tests::a_mapped_index_refuses_further_indexing
    engine::tests::a_shared_term_ranks_both_documents
    engine::tests::an_engine_round_trips_through_a_mapped_index
    engine::tests::an_engine_round_trips_through_the_serialised_format_too
    engine::tests::an_unparsable_query_is_an_error_not_an_empty_result
    engine::tests::both_formats_return_the_same_results
    engine::tests::crawling_picks_text_files_recursively_and_skips_the_rest
    engine::tests::extensions_can_be_restricted
    engine::tests::markdown_headings_become_titles
    engine::tests::parallel_indexing_produces_the_same_ids_as_a_sequential_run
    engine::tests::search_reports_the_strategy_it_used
    engine::tests::search_returns_titles_scores_and_snippets
    index::tests::avg_doc_len_is_the_mean_term_count
    index::tests::compressed_postings_decode_back_to_what_was_indexed
    index::tests::compression_shrinks_a_dense_posting_list
    index::tests::doc_freq_counts_documents_not_occurrences
    index::tests::every_block_carries_its_own_score_bounds
    index::tests::finish_records_the_score_bounds_of_every_term
    index::tests::finish_sorts_posting_lists_by_doc_id
    index::tests::merge_renumbers_documents_and_keeps_postings_aligned
    index::tests::posting_lists_are_split_into_blocks
    index::tests::postings_record_every_position
    index::tests::reopening_a_sealed_index_keeps_the_earlier_postings
    index::tests::score_bounds_are_refreshed_after_a_merge
    mmap::tests::a_mapped_index_answers_like_the_one_in_memory
    mmap::tests::a_truncated_file_is_rejected_instead_of_read
    mmap::tests::documents_are_read_straight_from_the_mapping
    mmap::tests::posting_lists_decode_to_the_same_values
    mmap::tests::queries_run_against_a_mapped_index
    mmap::tests::score_bounds_survive_the_round_trip
    mmap::tests::the_dictionary_binary_search_finds_every_term
    searcher::tests::a_smaller_limit_prunes_more
    searcher::tests::block_max_bounds_skip_whole_blocks
    searcher::tests::constrained_queries_fall_back_to_exhaustive_evaluation
    searcher::tests::documents_matching_more_clauses_rank_higher
    searcher::tests::excluded_terms_are_removed_from_the_results
    searcher::tests::limit_truncates_the_ranking
    searcher::tests::optional_terms_match_any_document
    searcher::tests::phrases_do_not_match_terms_that_are_merely_present
    searcher::tests::phrases_require_adjacency_in_the_right_order
    searcher::tests::pruning_and_exhaustive_scoring_return_the_same_ranking
    searcher::tests::pruning_can_be_turned_off_without_changing_the_ranking
    searcher::tests::pruning_holds_under_retuned_ranking_parameters
    searcher::tests::pruning_scores_far_fewer_documents_than_it_matches
    searcher::tests::required_terms_intersect
    searcher::tests::scores_are_positive_and_ordered
    searcher::tests::unknown_terms_yield_no_results
    service::tests::a_mapped_index_can_be_adopted_without_rebuilding_it
    service::tests::a_new_service_serves_generation_one
    service::tests::a_rebuild_inherits_the_configuration_in_service
    service::tests::a_snapshot_keeps_answering_from_the_generation_it_took
    service::tests::concurrent_rebuilds_are_serialised_and_numbered_without_gaps
    service::tests::publishing_an_engine_directly_bumps_the_generation
    service::tests::queries_keep_being_answered_while_the_index_is_rebuilt
    service::tests::reindexing_publishes_the_next_generation
    source::tests::a_mapped_source_refuses_to_be_written_to
    source::tests::a_memory_source_can_still_be_extended
    source::tests::an_edit_is_sealed_back_even_when_the_caller_returns_early
    source::tests::both_sources_answer_identically
    store::tests::a_future_format_version_is_reported_clearly
    store::tests::a_reloaded_index_still_answers_queries
    store::tests::a_truncated_index_is_a_decode_error_not_a_panic
    store::tests::an_index_survives_a_round_trip
    store::tests::saving_twice_replaces_the_file_and_leaves_no_temporary

test result: FAILED. 61 passed; 77 failed; 0 ignored; 0 measured; 0 filtered out; finished in 0.41s

error: test failed, to rerun pass `-p farol-core --lib`

*** result: Failure(101)
